[0.017s] Invoking command in '/home/samarthws/Semanticbot/build/segformer_inference': CMAKE_PREFIX_PATH=/home/samarthws/ros2_ws/install/yolo_common:/home/samarthws/ros2_ws/install/shs_worldmodel:/home/samarthws/ros2_ws/install/vision_msgs_rviz_plugins:/home/samarthws/ros2_ws/install/ros2_data_interfaces:/home/samarthws/ros2_ws/install/vision_msgs:/home/samarthws/ros2_ws/install/shs_custom_msgs:/home/samarthws/ros2_ws/install/yolo_seg:/home/samarthws/ros2_ws/install/yolo_human_pose:/home/samarthws/ros2_ws/install/vision_msgs_test:/home/samarthws/ros2_ws/install/qos_republisher:/home/samarthws/install/mapping_setup:/home/samarthws/install/rtabmap_python:/home/samarthws/install/rtab_launch:/home/samarthws/install/ros_tcp_endpoint:/opt/ros/humble:/home/samarthws/ros2_ws/install/tf_static_relay:/home/samarthws/ros2_ws/install/ros_tcp_endpoint:/home/samarthws/ros2_ws/install/pointcloud_from_rgbd:/home/samarthws/ros2_ws/install/nav_stack:/home/samarthws/ros2_ws/install/human_detector_cpp:/home/samarthws/ros2_ws/install/dual_rgbd_pointcloud:/home/samarthws/ros2_ws/install/custom_msg:/home/samarthws/ros2_ws/install/cloud_ground_removal:/home/samarthws/ros2_ws/install/cath_lab_msgs:/home/samarthws/install/rtabmap_launch:/home/samarthws/install/rtabmap_examples:/home/samarthws/install/rtabmap_demos:/home/samarthws/install/rtabmap_viz:/home/samarthws/install/rtabmap_slam:/home/samarthws/install/rtabmap_odom:/home/samarthws/install/rtabmap_util:/home/samarthws/install/rtabmap_sync:/home/samarthws/install/rtabmap_rviz_plugins:/home/samarthws/install/rtabmap_conversions:/home/samarthws/install/rtabmap_msgs:/home/samarthws/install/rtabmap:/home/samarthws/install/pointcloud_from_rgbd:/home/samarthws/install/human_detector_cpp:/home/samarthws/install/camera_point_cloud /usr/bin/cmake --build /home/samarthws/Semanticbot/build/segformer_inference -- -j28 -l28
[0.072s] -- Found ament_cmake: 1.3.13 (/opt/ros/humble/share/ament_cmake/cmake)
[0.188s] -- Found rclcpp: 16.0.18 (/opt/ros/humble/share/rclcpp/cmake)
[0.415s] -- Found rosidl_generator_c: 3.1.8 (/opt/ros/humble/share/rosidl_generator_c/cmake)
[0.418s] -- Found rosidl_adapter: 3.1.8 (/opt/ros/humble/share/rosidl_adapter/cmake)
[0.427s] -- Found rosidl_generator_cpp: 3.1.8 (/opt/ros/humble/share/rosidl_generator_cpp/cmake)
[0.442s] -- Using all available rosidl_typesupport_c: rosidl_typesupport_fastrtps_c;rosidl_typesupport_introspection_c
[0.456s] -- Using all available rosidl_typesupport_cpp: rosidl_typesupport_fastrtps_cpp;rosidl_typesupport_introspection_cpp
[0.494s] -- Found rmw_implementation_cmake: 6.1.2 (/opt/ros/humble/share/rmw_implementation_cmake/cmake)
[0.497s] -- Found rmw_fastrtps_cpp: 6.2.10 (/opt/ros/humble/share/rmw_fastrtps_cpp/cmake)
[8.611s] -- Using RMW implementation 'rmw_fastrtps_cpp' as default
[8.664s] -- Found sensor_msgs: 4.9.1 (/opt/ros/humble/share/sensor_msgs/cmake)
[8.696s] -- Found cv_bridge: 3.2.1 (/opt/ros/humble/share/cv_bridge/cmake)
[8.705s] -- Found OpenCV: /usr (found version "4.5.4") 
[8.708s] -- Found ament_lint_auto: 0.12.15 (/opt/ros/humble/share/ament_lint_auto/cmake)
[8.763s] -- Added test 'cppcheck' to perform static code analysis on C / C++ code
[8.763s] -- Configured cppcheck include dirs: 
[8.763s] -- Configured cppcheck exclude dirs and/or files: 
[8.763s] -- Added test 'lint_cmake' to check CMake code style
[8.764s] -- Added test 'uncrustify' to check C / C++ code style
[8.764s] -- Configured uncrustify additional arguments: 
[8.764s] -- Added test 'xmllint' to check XML markup files
[8.765s] -- Configuring done
[8.777s] -- Generating done
[8.780s] -- Build files have been written to: /home/samarthws/Semanticbot/build/segformer_inference
[8.803s] [ 50%] [32mBuilding CXX object CMakeFiles/inference_node.dir/src/inference_node.cpp.o[0m
[9.090s] [01m[K/home/samarthws/Semanticbot/ros2_ws/src/segformer_inference/src/inference_node.cpp:7:10:[m[K [01;31m[Kfatal error: [m[Kcv_bridge/cv_bridge.hpp: No such file or directory
[9.091s]     7 | #include [01;31m[K<cv_bridge/cv_bridge.hpp>[m[K
[9.091s]       |          [01;31m[K^~~~~~~~~~~~~~~~~~~~~~~~~[m[K
[9.091s] compilation terminated.
[9.091s] gmake[2]: *** [CMakeFiles/inference_node.dir/build.make:76: CMakeFiles/inference_node.dir/src/inference_node.cpp.o] Error 1
[9.092s] gmake[1]: *** [CMakeFiles/Makefile2:137: CMakeFiles/inference_node.dir/all] Error 2
[9.092s] gmake: *** [Makefile:146: all] Error 2
[9.094s] Invoked command in '/home/samarthws/Semanticbot/build/segformer_inference' returned '2': CMAKE_PREFIX_PATH=/home/samarthws/ros2_ws/install/yolo_common:/home/samarthws/ros2_ws/install/shs_worldmodel:/home/samarthws/ros2_ws/install/vision_msgs_rviz_plugins:/home/samarthws/ros2_ws/install/ros2_data_interfaces:/home/samarthws/ros2_ws/install/vision_msgs:/home/samarthws/ros2_ws/install/shs_custom_msgs:/home/samarthws/ros2_ws/install/yolo_seg:/home/samarthws/ros2_ws/install/yolo_human_pose:/home/samarthws/ros2_ws/install/vision_msgs_test:/home/samarthws/ros2_ws/install/qos_republisher:/home/samarthws/install/mapping_setup:/home/samarthws/install/rtabmap_python:/home/samarthws/install/rtab_launch:/home/samarthws/install/ros_tcp_endpoint:/opt/ros/humble:/home/samarthws/ros2_ws/install/tf_static_relay:/home/samarthws/ros2_ws/install/ros_tcp_endpoint:/home/samarthws/ros2_ws/install/pointcloud_from_rgbd:/home/samarthws/ros2_ws/install/nav_stack:/home/samarthws/ros2_ws/install/human_detector_cpp:/home/samarthws/ros2_ws/install/dual_rgbd_pointcloud:/home/samarthws/ros2_ws/install/custom_msg:/home/samarthws/ros2_ws/install/cloud_ground_removal:/home/samarthws/ros2_ws/install/cath_lab_msgs:/home/samarthws/install/rtabmap_launch:/home/samarthws/install/rtabmap_examples:/home/samarthws/install/rtabmap_demos:/home/samarthws/install/rtabmap_viz:/home/samarthws/install/rtabmap_slam:/home/samarthws/install/rtabmap_odom:/home/samarthws/install/rtabmap_util:/home/samarthws/install/rtabmap_sync:/home/samarthws/install/rtabmap_rviz_plugins:/home/samarthws/install/rtabmap_conversions:/home/samarthws/install/rtabmap_msgs:/home/samarthws/install/rtabmap:/home/samarthws/install/pointcloud_from_rgbd:/home/samarthws/install/human_detector_cpp:/home/samarthws/install/camera_point_cloud /usr/bin/cmake --build /home/samarthws/Semanticbot/build/segformer_inference -- -j28 -l28
