[0.022s] Invoking command in '/home/samarthws/Semanticbot/build/segformer_inference': CMAKE_PREFIX_PATH=/home/samarthws/ros2_ws/install/yolo_common:/home/samarthws/ros2_ws/install/shs_worldmodel:/home/samarthws/ros2_ws/install/vision_msgs_rviz_plugins:/home/samarthws/ros2_ws/install/ros2_data_interfaces:/home/samarthws/ros2_ws/install/vision_msgs:/home/samarthws/ros2_ws/install/shs_custom_msgs:/home/samarthws/ros2_ws/install/yolo_seg:/home/samarthws/ros2_ws/install/yolo_human_pose:/home/samarthws/ros2_ws/install/vision_msgs_test:/home/samarthws/ros2_ws/install/qos_republisher:/home/samarthws/install/mapping_setup:/home/samarthws/install/rtabmap_python:/home/samarthws/install/rtab_launch:/home/samarthws/install/ros_tcp_endpoint:/opt/ros/humble:/home/samarthws/ros2_ws/install/tf_static_relay:/home/samarthws/ros2_ws/install/ros_tcp_endpoint:/home/samarthws/ros2_ws/install/pointcloud_from_rgbd:/home/samarthws/ros2_ws/install/nav_stack:/home/samarthws/ros2_ws/install/human_detector_cpp:/home/samarthws/ros2_ws/install/dual_rgbd_pointcloud:/home/samarthws/ros2_ws/install/custom_msg:/home/samarthws/ros2_ws/install/cloud_ground_removal:/home/samarthws/ros2_ws/install/cath_lab_msgs:/home/samarthws/install/rtabmap_launch:/home/samarthws/install/rtabmap_examples:/home/samarthws/install/rtabmap_demos:/home/samarthws/install/rtabmap_viz:/home/samarthws/install/rtabmap_slam:/home/samarthws/install/rtabmap_odom:/home/samarthws/install/rtabmap_util:/home/samarthws/install/rtabmap_sync:/home/samarthws/install/rtabmap_rviz_plugins:/home/samarthws/install/rtabmap_conversions:/home/samarthws/install/rtabmap_msgs:/home/samarthws/install/rtabmap:/home/samarthws/install/pointcloud_from_rgbd:/home/samarthws/install/human_detector_cpp:/home/samarthws/install/camera_point_cloud /usr/bin/cmake /home/samarthws/Semanticbot/ros2_ws/src/segformer_inference -DCMAKE_INSTALL_PREFIX=/home/samarthws/Semanticbot/install/segformer_inference
[0.220s] -- The C compiler identification is GNU 11.4.0
[0.798s] -- The CXX compiler identification is GNU 11.4.0
[1.205s] -- Detecting C compiler ABI info
[1.428s] -- Detecting C compiler ABI info - done
[1.432s] -- Check for working C compiler: /usr/bin/cc - skipped
[1.432s] -- Detecting C compile features
[1.433s] -- Detecting C compile features - done
[1.436s] -- Detecting CXX compiler ABI info
[1.582s] -- Detecting CXX compiler ABI info - done
[1.587s] -- Check for working CXX compiler: /usr/bin/c++ - skipped
[1.587s] -- Detecting CXX compile features
[1.587s] -- Detecting CXX compile features - done
[1.600s] -- Found ament_cmake: 1.3.13 (/opt/ros/humble/share/ament_cmake/cmake)
[1.890s] -- Found Python3: /usr/bin/python3 (found version "3.10.12") found components: Interpreter 
[2.011s] -- Found rclcpp: 16.0.18 (/opt/ros/humble/share/rclcpp/cmake)
[2.289s] -- Found rosidl_generator_c: 3.1.8 (/opt/ros/humble/share/rosidl_generator_c/cmake)
[2.295s] -- Found rosidl_adapter: 3.1.8 (/opt/ros/humble/share/rosidl_adapter/cmake)
[2.306s] -- Found rosidl_generator_cpp: 3.1.8 (/opt/ros/humble/share/rosidl_generator_cpp/cmake)
[2.329s] -- Using all available rosidl_typesupport_c: rosidl_typesupport_fastrtps_c;rosidl_typesupport_introspection_c
[2.354s] -- Using all available rosidl_typesupport_cpp: rosidl_typesupport_fastrtps_cpp;rosidl_typesupport_introspection_cpp
[2.432s] -- Found rmw_implementation_cmake: 6.1.2 (/opt/ros/humble/share/rmw_implementation_cmake/cmake)
[2.439s] -- Found rmw_fastrtps_cpp: 6.2.10 (/opt/ros/humble/share/rmw_fastrtps_cpp/cmake)
[4.278s] -- Found OpenSSL: /usr/lib/x86_64-linux-gnu/libcrypto.so (found version "3.0.2")  
[6.270s] -- Found FastRTPS: /opt/ros/humble/include  
[9.466s] -- Using RMW implementation 'rmw_fastrtps_cpp' as default
[9.481s] -- Looking for pthread.h
[9.627s] -- Looking for pthread.h - found
[9.627s] -- Performing Test CMAKE_HAVE_LIBC_PTHREAD
[9.769s] -- Performing Test CMAKE_HAVE_LIBC_PTHREAD - Success
[9.770s] -- Found Threads: TRUE  
[9.833s] -- Found sensor_msgs: 4.9.1 (/opt/ros/humble/share/sensor_msgs/cmake)
[9.871s] -- Found cv_bridge: 3.2.1 (/opt/ros/humble/share/cv_bridge/cmake)
[9.888s] -- Found ament_lint_auto: 0.12.15 (/opt/ros/humble/share/ament_lint_auto/cmake)
[9.961s] -- Added test 'cppcheck' to perform static code analysis on C / C++ code
[9.961s] -- Configured cppcheck include dirs: 
[9.961s] -- Configured cppcheck exclude dirs and/or files: 
[9.963s] -- Added test 'lint_cmake' to check CMake code style
[9.964s] -- Added test 'uncrustify' to check C / C++ code style
[9.964s] -- Configured uncrustify additional arguments: 
[9.964s] -- Added test 'xmllint' to check XML markup files
[9.966s] -- Configuring done
[9.973s] -- Generating done
[9.975s] -- Build files have been written to: /home/samarthws/Semanticbot/build/segformer_inference
[9.982s] Invoked command in '/home/samarthws/Semanticbot/build/segformer_inference' returned '0': CMAKE_PREFIX_PATH=/home/samarthws/ros2_ws/install/yolo_common:/home/samarthws/ros2_ws/install/shs_worldmodel:/home/samarthws/ros2_ws/install/vision_msgs_rviz_plugins:/home/samarthws/ros2_ws/install/ros2_data_interfaces:/home/samarthws/ros2_ws/install/vision_msgs:/home/samarthws/ros2_ws/install/shs_custom_msgs:/home/samarthws/ros2_ws/install/yolo_seg:/home/samarthws/ros2_ws/install/yolo_human_pose:/home/samarthws/ros2_ws/install/vision_msgs_test:/home/samarthws/ros2_ws/install/qos_republisher:/home/samarthws/install/mapping_setup:/home/samarthws/install/rtabmap_python:/home/samarthws/install/rtab_launch:/home/samarthws/install/ros_tcp_endpoint:/opt/ros/humble:/home/samarthws/ros2_ws/install/tf_static_relay:/home/samarthws/ros2_ws/install/ros_tcp_endpoint:/home/samarthws/ros2_ws/install/pointcloud_from_rgbd:/home/samarthws/ros2_ws/install/nav_stack:/home/samarthws/ros2_ws/install/human_detector_cpp:/home/samarthws/ros2_ws/install/dual_rgbd_pointcloud:/home/samarthws/ros2_ws/install/custom_msg:/home/samarthws/ros2_ws/install/cloud_ground_removal:/home/samarthws/ros2_ws/install/cath_lab_msgs:/home/samarthws/install/rtabmap_launch:/home/samarthws/install/rtabmap_examples:/home/samarthws/install/rtabmap_demos:/home/samarthws/install/rtabmap_viz:/home/samarthws/install/rtabmap_slam:/home/samarthws/install/rtabmap_odom:/home/samarthws/install/rtabmap_util:/home/samarthws/install/rtabmap_sync:/home/samarthws/install/rtabmap_rviz_plugins:/home/samarthws/install/rtabmap_conversions:/home/samarthws/install/rtabmap_msgs:/home/samarthws/install/rtabmap:/home/samarthws/install/pointcloud_from_rgbd:/home/samarthws/install/human_detector_cpp:/home/samarthws/install/camera_point_cloud /usr/bin/cmake /home/samarthws/Semanticbot/ros2_ws/src/segformer_inference -DCMAKE_INSTALL_PREFIX=/home/samarthws/Semanticbot/install/segformer_inference
[9.983s] Invoking command in '/home/samarthws/Semanticbot/build/segformer_inference': CMAKE_PREFIX_PATH=/home/samarthws/ros2_ws/install/yolo_common:/home/samarthws/ros2_ws/install/shs_worldmodel:/home/samarthws/ros2_ws/install/vision_msgs_rviz_plugins:/home/samarthws/ros2_ws/install/ros2_data_interfaces:/home/samarthws/ros2_ws/install/vision_msgs:/home/samarthws/ros2_ws/install/shs_custom_msgs:/home/samarthws/ros2_ws/install/yolo_seg:/home/samarthws/ros2_ws/install/yolo_human_pose:/home/samarthws/ros2_ws/install/vision_msgs_test:/home/samarthws/ros2_ws/install/qos_republisher:/home/samarthws/install/mapping_setup:/home/samarthws/install/rtabmap_python:/home/samarthws/install/rtab_launch:/home/samarthws/install/ros_tcp_endpoint:/opt/ros/humble:/home/samarthws/ros2_ws/install/tf_static_relay:/home/samarthws/ros2_ws/install/ros_tcp_endpoint:/home/samarthws/ros2_ws/install/pointcloud_from_rgbd:/home/samarthws/ros2_ws/install/nav_stack:/home/samarthws/ros2_ws/install/human_detector_cpp:/home/samarthws/ros2_ws/install/dual_rgbd_pointcloud:/home/samarthws/ros2_ws/install/custom_msg:/home/samarthws/ros2_ws/install/cloud_ground_removal:/home/samarthws/ros2_ws/install/cath_lab_msgs:/home/samarthws/install/rtabmap_launch:/home/samarthws/install/rtabmap_examples:/home/samarthws/install/rtabmap_demos:/home/samarthws/install/rtabmap_viz:/home/samarthws/install/rtabmap_slam:/home/samarthws/install/rtabmap_odom:/home/samarthws/install/rtabmap_util:/home/samarthws/install/rtabmap_sync:/home/samarthws/install/rtabmap_rviz_plugins:/home/samarthws/install/rtabmap_conversions:/home/samarthws/install/rtabmap_msgs:/home/samarthws/install/rtabmap:/home/samarthws/install/pointcloud_from_rgbd:/home/samarthws/install/human_detector_cpp:/home/samarthws/install/camera_point_cloud /usr/bin/cmake --build /home/samarthws/Semanticbot/build/segformer_inference -- -j28 -l28
[10.013s] [ 50%] [32mBuilding CXX object CMakeFiles/inference_node.dir/src/inference_node.cpp.o[0m
[10.325s] [01m[K/home/samarthws/Semanticbot/ros2_ws/src/segformer_inference/src/inference_node.cpp:7:10:[m[K [01;31m[Kfatal error: [m[Kcv_bridge/cv_bridge.hpp: No such file or directory
[10.325s]     7 | #include [01;31m[K<cv_bridge/cv_bridge.hpp>[m[K
[10.325s]       |          [01;31m[K^~~~~~~~~~~~~~~~~~~~~~~~~[m[K
[10.325s] compilation terminated.
[10.326s] gmake[2]: *** [CMakeFiles/inference_node.dir/build.make:76: CMakeFiles/inference_node.dir/src/inference_node.cpp.o] Error 1
[10.326s] gmake[1]: *** [CMakeFiles/Makefile2:137: CMakeFiles/inference_node.dir/all] Error 2
[10.326s] gmake: *** [Makefile:146: all] Error 2
[10.328s] Invoked command in '/home/samarthws/Semanticbot/build/segformer_inference' returned '2': CMAKE_PREFIX_PATH=/home/samarthws/ros2_ws/install/yolo_common:/home/samarthws/ros2_ws/install/shs_worldmodel:/home/samarthws/ros2_ws/install/vision_msgs_rviz_plugins:/home/samarthws/ros2_ws/install/ros2_data_interfaces:/home/samarthws/ros2_ws/install/vision_msgs:/home/samarthws/ros2_ws/install/shs_custom_msgs:/home/samarthws/ros2_ws/install/yolo_seg:/home/samarthws/ros2_ws/install/yolo_human_pose:/home/samarthws/ros2_ws/install/vision_msgs_test:/home/samarthws/ros2_ws/install/qos_republisher:/home/samarthws/install/mapping_setup:/home/samarthws/install/rtabmap_python:/home/samarthws/install/rtab_launch:/home/samarthws/install/ros_tcp_endpoint:/opt/ros/humble:/home/samarthws/ros2_ws/install/tf_static_relay:/home/samarthws/ros2_ws/install/ros_tcp_endpoint:/home/samarthws/ros2_ws/install/pointcloud_from_rgbd:/home/samarthws/ros2_ws/install/nav_stack:/home/samarthws/ros2_ws/install/human_detector_cpp:/home/samarthws/ros2_ws/install/dual_rgbd_pointcloud:/home/samarthws/ros2_ws/install/custom_msg:/home/samarthws/ros2_ws/install/cloud_ground_removal:/home/samarthws/ros2_ws/install/cath_lab_msgs:/home/samarthws/install/rtabmap_launch:/home/samarthws/install/rtabmap_examples:/home/samarthws/install/rtabmap_demos:/home/samarthws/install/rtabmap_viz:/home/samarthws/install/rtabmap_slam:/home/samarthws/install/rtabmap_odom:/home/samarthws/install/rtabmap_util:/home/samarthws/install/rtabmap_sync:/home/samarthws/install/rtabmap_rviz_plugins:/home/samarthws/install/rtabmap_conversions:/home/samarthws/install/rtabmap_msgs:/home/samarthws/install/rtabmap:/home/samarthws/install/pointcloud_from_rgbd:/home/samarthws/install/human_detector_cpp:/home/samarthws/install/camera_point_cloud /usr/bin/cmake --build /home/samarthws/Semanticbot/build/segformer_inference -- -j28 -l28
